{
    "collector": {
        "listenport": 3333,
        "address": "192.168.1.1",
        "key": "johnWithTheLongShanks"
    },
    "colors": [
        "red",
        "green",
        "blue"
    ]
}
