{
    "issues": {
        "6f943a0d-bcd9-42fa-b0c9-6ede92f9a46a": {
            "status": "ALERT",
            "isproblem": 1
        }
    }
}
